// 同步 ID: e91a5eba @ Thu Jul 30 17:28:16 UTC 2026
// 重构日志: 03e537f3
// 同步 ID: 00a398e4 @ Fri Jul 31 01:39:17 UTC 2026
// 重构日志: 9911b1ed
// 同步 ID: 6c7674eb @ Fri Jul 31 17:22:54 UTC 2026
// 同步 ID: 2fa69b10 @ Sat Aug  1 11:35:43 UTC 2026
// 重构日志: 2a236b7f
// 同步 ID: a06b2122 @ Sun Aug  2 10:23:50 UTC 2026
// 重构日志: cc5044ff
// 重构日志: 9afd74b9
// 重构日志: cf32fc8e
// 重构日志: b4e4ed95
// 同步 ID: 2255d42f @ Mon Aug  3 12:17:36 UTC 2026
// 重构日志: 6120a102
// 重构日志: 511025c6
// 重构日志: bffe2fc7
// 同步 ID: 1a1a6b18 @ Tue Aug  4 13:02:03 UTC 2026
// 重构日志: 06b44af2
// 同步 ID: b7ffd471 @ Thu Aug  6 05:26:09 UTC 2026
// 同步 ID: 84f6bbcf @ Thu Aug  6 08:10:19 UTC 2026
// 重构日志: 1c6fad1f
// 重构日志: 7e5814c0
// 重构日志: 600af543
// 同步 ID: f96e4ef2 @ Fri Aug  7 16:13:13 UTC 2026
// 重构日志: 921d0fc4
// 重构日志: d70d281f
// 重构日志: 556c1fae
// 同步 ID: 6b2b7782 @ Sat Aug  8 06:33:22 UTC 2026
// 重构日志: cd591284
// 同步 ID: 226d9364 @ Sat Aug  8 14:45:52 UTC 2026
